; Particle Field Energy Dissipation Trace
; Simulation of 7 coupled particles in a conservative force field
; Format: SEQ -> PARTICLE_ID -> EVENT_TYPE -> DETAIL
001 -> alpha -> DRIFT -> displacement=0.42
002 -> beta -> DRIFT -> displacement=0.37
003 -> gamma -> COLLIDE -> partner=wall_north
004 -> delta -> DRIFT -> displacement=0.51
005 -> epsilon -> DRIFT -> displacement=0.29
006 -> alpha -> COLLIDE -> partner=wall_east
007 -> zeta -> DRIFT -> displacement=0.44
008 -> eta -> DRIFT -> displacement=0.36
009 -> epsilon -> DRIFT -> displacement=0.33
010 -> alpha -> DRIFT -> displacement=0.38
011 -> beta -> COLLIDE -> partner=wall_west
012 -> eta -> DRIFT -> displacement=0.41
013 -> gamma -> DRIFT -> displacement=0.47
014 -> delta -> COLLIDE -> partner=wall_north
015 -> epsilon -> COLLIDE -> partner=wall_south
016 -> zeta -> COLLIDE -> partner=wall_east
017 -> alpha -> DRIFT -> displacement=0.39
018 -> beta -> DRIFT -> displacement=0.46
019 -> eta -> COLLIDE -> partner=wall_west
020 -> gamma -> DRIFT -> displacement=0.40
021 -> delta -> DRIFT -> displacement=0.28
022 -> zeta -> DRIFT -> displacement=0.31
023 -> alpha -> COLLIDE -> partner=wall_south
024 -> beta -> COUPLE -> peer_state=alpha:9;beta:8;gamma:3;delta:3;epsilon:3;zeta:3;eta:3
025 -> epsilon -> DRIFT -> displacement=0.35
026 -> gamma -> COLLIDE -> partner=wall_north
027 -> delta -> COUPLE -> peer_state=alpha:9;beta:8;gamma:3;delta:8;epsilon:3;zeta:3;eta:3
028 -> alpha -> DRIFT -> displacement=0.32
029 -> zeta -> COLLIDE -> partner=wall_south
030 -> beta -> DRIFT -> displacement=0.50
031 -> gamma -> COUPLE -> peer_state=alpha:9;beta:8;gamma:8;delta:8;epsilon:3;zeta:3;eta:3
032 -> alpha -> COUPLE -> peer_state=alpha:11;beta:9;gamma:9;delta:9;epsilon:9;zeta:9;eta:9
033 -> eta -> DRIFT -> displacement=0.45
034 -> delta -> DRIFT -> displacement=0.49
035 -> zeta -> COUPLE -> peer_state=alpha:9;beta:8;gamma:8;delta:8;epsilon:3;zeta:8;eta:3
036 -> beta -> COLLIDE -> partner=wall_east
037 -> gamma -> DRIFT -> displacement=0.43
038 -> alpha -> DRIFT -> displacement=0.34
039 -> epsilon -> DRIFT -> displacement=0.52
040 -> delta -> COLLIDE -> partner=wall_south
041 -> zeta -> DRIFT -> displacement=0.38
042 -> beta -> DRIFT -> displacement=0.41
043 -> alpha -> COUPLE -> peer_state=alpha:13;beta:10;gamma:10;delta:10;epsilon:9;zeta:10;eta:9
044 -> gamma -> DRIFT -> displacement=0.36
045 -> eta -> DRIFT -> displacement=0.44
